<?xml version="1.0" ?>
<testsuites disabled="0" errors="0" failures="0" tests="7" time="85.34200000000001">
	<testsuite disabled="0" errors="0" failures="0" name="campaign_vcastqt.test_parameter_tree.suite_actual_to_expected" skipped="0" tests="7" time="85.34200000000001">
		<testcase name="preconditions" time="9.391000"/>
		<testcase name="test_signed_char" time="64.904000"/>
		<testcase name="postconditions" time="5.263000"/>
		<testcase name="test_py_md_compliance" time="0.026000"/>
		<testcase name="test_pep8_compliance" time="5.686000"/>
		<testcase name="test_input_dir_compliance" time="0.040000"/>
		<testcase name="test_suite_inheritance_compliance" time="0.032000"/>
	</testsuite>
</testsuites>
